Archive member included because of file (symbol)

e:/embedded/imt_environment/imt_sdk_win_64/winavr/bin/../lib/gcc/avr/4.3.3/avr5\libgcc.a(_udivmodsi4.o)
                              ./lcd.o (__udivmodsi4)
e:/embedded/imt_environment/imt_sdk_win_64/winavr/bin/../lib/gcc/avr/4.3.3/avr5\libgcc.a(_exit.o)
                              e:/embedded/imt_environment/imt_sdk_win_64/winavr/bin/../lib/gcc/avr/4.3.3/../../../../avr/lib/avr5/crtm32.o (exit)
e:/embedded/imt_environment/imt_sdk_win_64/winavr/bin/../lib/gcc/avr/4.3.3/avr5\libgcc.a(_copy_data.o)
                              ./lcd_cfg.o (__do_copy_data)
e:/embedded/imt_environment/imt_sdk_win_64/winavr/bin/../lib/gcc/avr/4.3.3/avr5\libgcc.a(_clear_bss.o)
                              ./EXTI_prog.o (__do_clear_bss)
e:/embedded/imt_environment/imt_sdk_win_64/winavr/bin/../lib/gcc/avr/4.3.3/avr5\libgcc.a(_fixunssfsi.o)
                              ./lcd.o (__fixunssfsi)
e:/embedded/imt_environment/imt_sdk_win_64/winavr/bin/../lib/gcc/avr/4.3.3/avr5\libgcc.a(_addsub_sf.o)
                              e:/embedded/imt_environment/imt_sdk_win_64/winavr/bin/../lib/gcc/avr/4.3.3/avr5\libgcc.a(_fixunssfsi.o) (__subsf3)
e:/embedded/imt_environment/imt_sdk_win_64/winavr/bin/../lib/gcc/avr/4.3.3/avr5\libgcc.a(_mul_sf.o)
                              ./lcd.o (__mulsf3)
e:/embedded/imt_environment/imt_sdk_win_64/winavr/bin/../lib/gcc/avr/4.3.3/avr5\libgcc.a(_div_sf.o)
                              ./lcd.o (__divsf3)
e:/embedded/imt_environment/imt_sdk_win_64/winavr/bin/../lib/gcc/avr/4.3.3/avr5\libgcc.a(_gt_sf.o)
                              ./lcd.o (__gtsf2)
e:/embedded/imt_environment/imt_sdk_win_64/winavr/bin/../lib/gcc/avr/4.3.3/avr5\libgcc.a(_ge_sf.o)
                              e:/embedded/imt_environment/imt_sdk_win_64/winavr/bin/../lib/gcc/avr/4.3.3/avr5\libgcc.a(_fixunssfsi.o) (__gesf2)
e:/embedded/imt_environment/imt_sdk_win_64/winavr/bin/../lib/gcc/avr/4.3.3/avr5\libgcc.a(_lt_sf.o)
                              ./lcd.o (__ltsf2)
e:/embedded/imt_environment/imt_sdk_win_64/winavr/bin/../lib/gcc/avr/4.3.3/avr5\libgcc.a(_sf_to_si.o)
                              e:/embedded/imt_environment/imt_sdk_win_64/winavr/bin/../lib/gcc/avr/4.3.3/avr5\libgcc.a(_fixunssfsi.o) (__fixsfsi)
e:/embedded/imt_environment/imt_sdk_win_64/winavr/bin/../lib/gcc/avr/4.3.3/avr5\libgcc.a(_thenan_sf.o)
                              e:/embedded/imt_environment/imt_sdk_win_64/winavr/bin/../lib/gcc/avr/4.3.3/avr5\libgcc.a(_addsub_sf.o) (__thenan_sf)
e:/embedded/imt_environment/imt_sdk_win_64/winavr/bin/../lib/gcc/avr/4.3.3/avr5\libgcc.a(_prologue.o)
                              e:/embedded/imt_environment/imt_sdk_win_64/winavr/bin/../lib/gcc/avr/4.3.3/avr5\libgcc.a(_addsub_sf.o) (__prologue_saves__)
e:/embedded/imt_environment/imt_sdk_win_64/winavr/bin/../lib/gcc/avr/4.3.3/avr5\libgcc.a(_epilogue.o)
                              e:/embedded/imt_environment/imt_sdk_win_64/winavr/bin/../lib/gcc/avr/4.3.3/avr5\libgcc.a(_addsub_sf.o) (__epilogue_restores__)
e:/embedded/imt_environment/imt_sdk_win_64/winavr/bin/../lib/gcc/avr/4.3.3/avr5\libgcc.a(_pack_sf.o)
                              e:/embedded/imt_environment/imt_sdk_win_64/winavr/bin/../lib/gcc/avr/4.3.3/avr5\libgcc.a(_addsub_sf.o) (__pack_f)
e:/embedded/imt_environment/imt_sdk_win_64/winavr/bin/../lib/gcc/avr/4.3.3/avr5\libgcc.a(_unpack_sf.o)
                              e:/embedded/imt_environment/imt_sdk_win_64/winavr/bin/../lib/gcc/avr/4.3.3/avr5\libgcc.a(_addsub_sf.o) (__unpack_f)
e:/embedded/imt_environment/imt_sdk_win_64/winavr/bin/../lib/gcc/avr/4.3.3/avr5\libgcc.a(_fpcmp_parts_sf.o)
                              e:/embedded/imt_environment/imt_sdk_win_64/winavr/bin/../lib/gcc/avr/4.3.3/avr5\libgcc.a(_gt_sf.o) (__fpcmp_parts_f)

Allocating common symbols
Common symbol       size              file

pf1                 0x2               ./EXTI_prog.o
pf2                 0x2               ./EXTI_prog.o
pf3                 0x2               ./EXTI_prog.o

Memory Configuration

Name             Origin             Length             Attributes
text             0x00000000         0x00020000         xr
data             0x00800060         0x0000ffa0         rw !x
eeprom           0x00810000         0x00010000         rw !x
fuse             0x00820000         0x00000400         rw !x
lock             0x00830000         0x00000400         rw !x
signature        0x00840000         0x00000400         rw !x
*default*        0x00000000         0xffffffff

Linker script and memory map

LOAD e:/embedded/imt_environment/imt_sdk_win_64/winavr/bin/../lib/gcc/avr/4.3.3/../../../../avr/lib/avr5/crtm32.o
LOAD ./EXTI_prog.o
LOAD ./TIMERS_prg.o
LOAD ./button.o
LOAD ./dio.o
LOAD ./lcd.o
LOAD ./lcd_cfg.o
LOAD ./led.o
LOAD ./main_Timer.o
LOAD e:/embedded/imt_environment/imt_sdk_win_64/winavr/bin/../lib/gcc/avr/4.3.3/avr5\libgcc.a
LOAD e:/embedded/imt_environment/imt_sdk_win_64/winavr/bin/../lib/gcc/avr/4.3.3/../../../../avr/lib/avr5\libc.a
LOAD e:/embedded/imt_environment/imt_sdk_win_64/winavr/bin/../lib/gcc/avr/4.3.3/avr5\libgcc.a

.hash
 *(.hash)

.dynsym
 *(.dynsym)

.dynstr
 *(.dynstr)

.gnu.version
 *(.gnu.version)

.gnu.version_d
 *(.gnu.version_d)

.gnu.version_r
 *(.gnu.version_r)

.rel.init
 *(.rel.init)

.rela.init
 *(.rela.init)

.rel.text
 *(.rel.text)
 *(.rel.text.*)
 *(.rel.gnu.linkonce.t*)

.rela.text
 *(.rela.text)
 *(.rela.text.*)
 *(.rela.gnu.linkonce.t*)

.rel.fini
 *(.rel.fini)

.rela.fini
 *(.rela.fini)

.rel.rodata
 *(.rel.rodata)
 *(.rel.rodata.*)
 *(.rel.gnu.linkonce.r*)

.rela.rodata
 *(.rela.rodata)
 *(.rela.rodata.*)
 *(.rela.gnu.linkonce.r*)

.rel.data
 *(.rel.data)
 *(.rel.data.*)
 *(.rel.gnu.linkonce.d*)

.rela.data
 *(.rela.data)
 *(.rela.data.*)
 *(.rela.gnu.linkonce.d*)

.rel.ctors
 *(.rel.ctors)

.rela.ctors
 *(.rela.ctors)

.rel.dtors
 *(.rel.dtors)

.rela.dtors
 *(.rela.dtors)

.rel.got
 *(.rel.got)

.rela.got
 *(.rela.got)

.rel.bss
 *(.rel.bss)

.rela.bss
 *(.rela.bss)

.rel.plt
 *(.rel.plt)

.rela.plt
 *(.rela.plt)

.text           0x00000000     0x30f6
 *(.vectors)
 .vectors       0x00000000       0x54 e:/embedded/imt_environment/imt_sdk_win_64/winavr/bin/../lib/gcc/avr/4.3.3/../../../../avr/lib/avr5/crtm32.o
                0x00000000                __vectors
                0x00000000                __vector_default
 *(.vectors)
 *(.progmem.gcc*)
 *(.progmem*)
                0x00000054                . = ALIGN (0x2)
                0x00000054                __trampolines_start = .
 *(.trampolines)
 .trampolines   0x00000054        0x0 linker stubs
 *(.trampolines*)
                0x00000054                __trampolines_end = .
 *(.jumptables)
 *(.jumptables*)
 *(.lowtext)
 *(.lowtext*)
                0x00000054                __ctors_start = .
 *(.ctors)
                0x00000054                __ctors_end = .
                0x00000054                __dtors_start = .
 *(.dtors)
                0x00000054                __dtors_end = .
 SORT(*)(.ctors)
 SORT(*)(.dtors)
 *(.init0)
 .init0         0x00000054        0x0 e:/embedded/imt_environment/imt_sdk_win_64/winavr/bin/../lib/gcc/avr/4.3.3/../../../../avr/lib/avr5/crtm32.o
                0x00000054                __init
 *(.init0)
 *(.init1)
 *(.init1)
 *(.init2)
 .init2         0x00000054        0xc e:/embedded/imt_environment/imt_sdk_win_64/winavr/bin/../lib/gcc/avr/4.3.3/../../../../avr/lib/avr5/crtm32.o
 *(.init2)
 *(.init3)
 *(.init3)
 *(.init4)
 .init4         0x00000060       0x16 e:/embedded/imt_environment/imt_sdk_win_64/winavr/bin/../lib/gcc/avr/4.3.3/avr5\libgcc.a(_copy_data.o)
                0x00000060                __do_copy_data
 .init4         0x00000076       0x10 e:/embedded/imt_environment/imt_sdk_win_64/winavr/bin/../lib/gcc/avr/4.3.3/avr5\libgcc.a(_clear_bss.o)
                0x00000076                __do_clear_bss
 *(.init4)
 *(.init5)
 *(.init5)
 *(.init6)
 *(.init6)
 *(.init7)
 *(.init7)
 *(.init8)
 *(.init8)
 *(.init9)
 .init9         0x00000086        0x8 e:/embedded/imt_environment/imt_sdk_win_64/winavr/bin/../lib/gcc/avr/4.3.3/../../../../avr/lib/avr5/crtm32.o
 *(.init9)
 *(.text)
 .text          0x0000008e        0x4 e:/embedded/imt_environment/imt_sdk_win_64/winavr/bin/../lib/gcc/avr/4.3.3/../../../../avr/lib/avr5/crtm32.o
                0x0000008e                __vector_12
                0x0000008e                __bad_interrupt
                0x0000008e                __vector_6
                0x0000008e                __vector_13
                0x0000008e                __vector_17
                0x0000008e                __vector_19
                0x0000008e                __vector_15
                0x0000008e                __vector_14
                0x0000008e                __vector_16
                0x0000008e                __vector_18
                0x0000008e                __vector_20
 .text          0x00000092        0x0 ./EXTI_prog.o
 .text          0x00000092        0x0 ./TIMERS_prg.o
 .text          0x00000092        0x0 ./button.o
 .text          0x00000092        0x0 ./dio.o
 .text          0x00000092        0x0 ./lcd.o
 .text          0x00000092        0x0 ./lcd_cfg.o
 .text          0x00000092        0x0 ./led.o
 .text          0x00000092        0x0 ./main_Timer.o
 .text          0x00000092        0x0 e:/embedded/imt_environment/imt_sdk_win_64/winavr/bin/../lib/gcc/avr/4.3.3/avr5\libgcc.a(_udivmodsi4.o)
 .text          0x00000092        0x0 e:/embedded/imt_environment/imt_sdk_win_64/winavr/bin/../lib/gcc/avr/4.3.3/avr5\libgcc.a(_exit.o)
 .text          0x00000092        0x0 e:/embedded/imt_environment/imt_sdk_win_64/winavr/bin/../lib/gcc/avr/4.3.3/avr5\libgcc.a(_copy_data.o)
 .text          0x00000092        0x0 e:/embedded/imt_environment/imt_sdk_win_64/winavr/bin/../lib/gcc/avr/4.3.3/avr5\libgcc.a(_clear_bss.o)
 .text          0x00000092       0x58 e:/embedded/imt_environment/imt_sdk_win_64/winavr/bin/../lib/gcc/avr/4.3.3/avr5\libgcc.a(_fixunssfsi.o)
                0x00000092                __fixunssfsi
 .text          0x000000ea      0x354 e:/embedded/imt_environment/imt_sdk_win_64/winavr/bin/../lib/gcc/avr/4.3.3/avr5\libgcc.a(_addsub_sf.o)
                0x00000382                __subsf3
                0x000003e4                __addsf3
 .text          0x0000043e      0x1f4 e:/embedded/imt_environment/imt_sdk_win_64/winavr/bin/../lib/gcc/avr/4.3.3/avr5\libgcc.a(_mul_sf.o)
                0x0000043e                __mulsf3
 .text          0x00000632      0x158 e:/embedded/imt_environment/imt_sdk_win_64/winavr/bin/../lib/gcc/avr/4.3.3/avr5\libgcc.a(_div_sf.o)
                0x00000632                __divsf3
 .text          0x0000078a       0x60 e:/embedded/imt_environment/imt_sdk_win_64/winavr/bin/../lib/gcc/avr/4.3.3/avr5\libgcc.a(_gt_sf.o)
                0x0000078a                __gtsf2
 .text          0x000007ea       0x60 e:/embedded/imt_environment/imt_sdk_win_64/winavr/bin/../lib/gcc/avr/4.3.3/avr5\libgcc.a(_ge_sf.o)
                0x000007ea                __gesf2
 .text          0x0000084a       0x60 e:/embedded/imt_environment/imt_sdk_win_64/winavr/bin/../lib/gcc/avr/4.3.3/avr5\libgcc.a(_lt_sf.o)
                0x0000084a                __ltsf2
 .text          0x000008aa       0xa8 e:/embedded/imt_environment/imt_sdk_win_64/winavr/bin/../lib/gcc/avr/4.3.3/avr5\libgcc.a(_sf_to_si.o)
                0x000008aa                __fixsfsi
 .text          0x00000952        0x0 e:/embedded/imt_environment/imt_sdk_win_64/winavr/bin/../lib/gcc/avr/4.3.3/avr5\libgcc.a(_thenan_sf.o)
 .text          0x00000952        0x0 e:/embedded/imt_environment/imt_sdk_win_64/winavr/bin/../lib/gcc/avr/4.3.3/avr5\libgcc.a(_prologue.o)
 .text          0x00000952        0x0 e:/embedded/imt_environment/imt_sdk_win_64/winavr/bin/../lib/gcc/avr/4.3.3/avr5\libgcc.a(_epilogue.o)
 .text          0x00000952      0x1aa e:/embedded/imt_environment/imt_sdk_win_64/winavr/bin/../lib/gcc/avr/4.3.3/avr5\libgcc.a(_pack_sf.o)
                0x00000952                __pack_f
 .text          0x00000afc       0xf0 e:/embedded/imt_environment/imt_sdk_win_64/winavr/bin/../lib/gcc/avr/4.3.3/avr5\libgcc.a(_unpack_sf.o)
                0x00000afc                __unpack_f
 .text          0x00000bec       0xb2 e:/embedded/imt_environment/imt_sdk_win_64/winavr/bin/../lib/gcc/avr/4.3.3/avr5\libgcc.a(_fpcmp_parts_sf.o)
                0x00000bec                __fpcmp_parts_f
                0x00000c9e                . = ALIGN (0x2)
 *(.text.*)
 .text.EXT_voidEnableGlobalInt
                0x00000c9e       0x1c ./EXTI_prog.o
                0x00000c9e                EXT_voidEnableGlobalInt
 .text.EXT_voidDisableGlobalInt
                0x00000cba       0x1c ./EXTI_prog.o
                0x00000cba                EXT_voidDisableGlobalInt
 .text.EXT0_voidInit
                0x00000cd6       0x46 ./EXTI_prog.o
                0x00000cd6                EXT0_voidInit
 .text.EXT1_voidInit
                0x00000d1c       0x46 ./EXTI_prog.o
                0x00000d1c                EXT1_voidInit
 .text.EXT2_voidInit
                0x00000d62       0x38 ./EXTI_prog.o
                0x00000d62                EXT2_voidInit
 .text.EXT0_voidEnable
                0x00000d9a       0x1c ./EXTI_prog.o
                0x00000d9a                EXT0_voidEnable
 .text.EXT0_voidDisable
                0x00000db6       0x1c ./EXTI_prog.o
                0x00000db6                EXT0_voidDisable
 .text.EXT1_voidEnable
                0x00000dd2       0x1c ./EXTI_prog.o
                0x00000dd2                EXT1_voidEnable
 .text.EXT1_voidDisable
                0x00000dee       0x1c ./EXTI_prog.o
                0x00000dee                EXT1_voidDisable
 .text.EXT2_voidEnable
                0x00000e0a       0x1c ./EXTI_prog.o
                0x00000e0a                EXT2_voidEnable
 .text.EXT2_voidDisable
                0x00000e26       0x1c ./EXTI_prog.o
                0x00000e26                EXT2_voidDisable
 .text.EXT0_voidCallBack
                0x00000e42       0x2c ./EXTI_prog.o
                0x00000e42                EXT0_voidCallBack
 .text.EXT1_voidCallBack
                0x00000e6e       0x2c ./EXTI_prog.o
                0x00000e6e                EXT1_voidCallBack
 .text.EXT2_voidCallBack
                0x00000e9a       0x2c ./EXTI_prog.o
                0x00000e9a                EXT2_voidCallBack
 .text.EXT0_voidSetSignalch
                0x00000ec6       0xd0 ./EXTI_prog.o
                0x00000ec6                EXT0_voidSetSignalch
 .text.EXT1_voidSetSignalch
                0x00000f96       0xd0 ./EXTI_prog.o
                0x00000f96                EXT1_voidSetSignalch
 .text.EXT2_voidSetSignalch
                0x00001066       0x56 ./EXTI_prog.o
                0x00001066                EXT2_voidSetSignalch
 .text.__vector_1
                0x000010bc       0x5a ./EXTI_prog.o
                0x000010bc                __vector_1
 .text.__vector_2
                0x00001116       0x5a ./EXTI_prog.o
                0x00001116                __vector_2
 .text.__vector_3
                0x00001170       0x5a ./EXTI_prog.o
                0x00001170                __vector_3
 .text.TIMER0_void_Init
                0x000011ca       0xb4 ./TIMERS_prg.o
                0x000011ca                TIMER0_void_Init
 .text.TIMER0_void_SetTimerReg
                0x0000127e       0x1c ./TIMERS_prg.o
                0x0000127e                TIMER0_void_SetTimerReg
 .text.TIMER0_void_SetCompareVal
                0x0000129a       0x1c ./TIMERS_prg.o
                0x0000129a                TIMER0_void_SetCompareVal
 .text.TIMER0_void_EnableOVInt
                0x000012b6       0x1c ./TIMERS_prg.o
                0x000012b6                TIMER0_void_EnableOVInt
 .text.TIMER0_void_DisableOVInt
                0x000012d2       0x1c ./TIMERS_prg.o
                0x000012d2                TIMER0_void_DisableOVInt
 .text.TIMER0_void_EnableCTCInt
                0x000012ee       0x1c ./TIMERS_prg.o
                0x000012ee                TIMER0_void_EnableCTCInt
 .text.TIMER0_void_DisableCTCInt
                0x0000130a       0x1c ./TIMERS_prg.o
                0x0000130a                TIMER0_void_DisableCTCInt
 .text.TIMER0_void_SetOVCallBack
                0x00001326       0x24 ./TIMERS_prg.o
                0x00001326                TIMER0_void_SetOVCallBack
 .text.TIMER0_void_SetCTCCallBack
                0x0000134a       0x24 ./TIMERS_prg.o
                0x0000134a                TIMER0_void_SetCTCCallBack
 .text.__vector_11
                0x0000136e       0x5a ./TIMERS_prg.o
                0x0000136e                __vector_11
 .text.__vector_10
                0x000013c8       0x5a ./TIMERS_prg.o
                0x000013c8                __vector_10
 .text.TIMER1_void_Init
                0x00001422      0x114 ./TIMERS_prg.o
                0x00001422                TIMER1_void_Init
 .text.TIMER1_void_SetTimerReg
                0x00001536       0x22 ./TIMERS_prg.o
                0x00001536                TIMER1_void_SetTimerReg
 .text.TIMER1_void_SetCompareVal_A
                0x00001558       0x22 ./TIMERS_prg.o
                0x00001558                TIMER1_void_SetCompareVal_A
 .text.TIMER1_void_SetCompareVal_B
                0x0000157a       0x22 ./TIMERS_prg.o
                0x0000157a                TIMER1_void_SetCompareVal_B
 .text.TIMER1_void_EnableOVInt
                0x0000159c       0x1c ./TIMERS_prg.o
                0x0000159c                TIMER1_void_EnableOVInt
 .text.TIMER1_void_DisableOVInt
                0x000015b8       0x1c ./TIMERS_prg.o
                0x000015b8                TIMER1_void_DisableOVInt
 .text.TIMER1_void_EnableCTCInt_A
                0x000015d4       0x1c ./TIMERS_prg.o
                0x000015d4                TIMER1_void_EnableCTCInt_A
 .text.TIMER1_void_DisableCTCInt_A
                0x000015f0       0x1c ./TIMERS_prg.o
                0x000015f0                TIMER1_void_DisableCTCInt_A
 .text.TIMER1_void_EnableCTCInt_B
                0x0000160c       0x1c ./TIMERS_prg.o
                0x0000160c                TIMER1_void_EnableCTCInt_B
 .text.TIMER1_void_DisableCTCInt_B
                0x00001628       0x1c ./TIMERS_prg.o
                0x00001628                TIMER1_void_DisableCTCInt_B
 .text.TIMER1_void_SetOVCallBack
                0x00001644       0x2c ./TIMERS_prg.o
                0x00001644                TIMER1_void_SetOVCallBack
 .text.TIMER1_void_SetCTCCallBack_A
                0x00001670       0x2c ./TIMERS_prg.o
                0x00001670                TIMER1_void_SetCTCCallBack_A
 .text.TIMER1_void_SetCTCCallBack_B
                0x0000169c       0x2c ./TIMERS_prg.o
                0x0000169c                TIMER1_void_SetCTCCallBack_B
 .text.__vector_9
                0x000016c8       0x5a ./TIMERS_prg.o
                0x000016c8                __vector_9
 .text.__vector_7
                0x00001722       0x5a ./TIMERS_prg.o
                0x00001722                __vector_7
 .text.__vector_8
                0x0000177c       0x5a ./TIMERS_prg.o
                0x0000177c                __vector_8
 .text.TIMER2_void_Init
                0x000017d6       0xb4 ./TIMERS_prg.o
                0x000017d6                TIMER2_void_Init
 .text.TIMER2_void_SetTimerReg
                0x0000188a       0x1c ./TIMERS_prg.o
                0x0000188a                TIMER2_void_SetTimerReg
 .text.TIMER2_void_SetCompareVal
                0x000018a6       0x1c ./TIMERS_prg.o
                0x000018a6                TIMER2_void_SetCompareVal
 .text.TIMER2_void_EnableOVInt
                0x000018c2       0x1c ./TIMERS_prg.o
                0x000018c2                TIMER2_void_EnableOVInt
 .text.TIMER2_void_DisableOVInt
                0x000018de       0x1c ./TIMERS_prg.o
                0x000018de                TIMER2_void_DisableOVInt
 .text.TIMER2_void_EnableCTCInt
                0x000018fa       0x1c ./TIMERS_prg.o
                0x000018fa                TIMER2_void_EnableCTCInt
 .text.TIMER2_void_DisableCTCInt
                0x00001916       0x1c ./TIMERS_prg.o
                0x00001916                TIMER2_void_DisableCTCInt
 .text.TIMER2_void_SetOVCallBack
                0x00001932       0x2c ./TIMERS_prg.o
                0x00001932                TIMER2_void_SetOVCallBack
 .text.TIMER2_void_SetCTCCallBack
                0x0000195e       0x2c ./TIMERS_prg.o
                0x0000195e                TIMER2_void_SetCTCCallBack
 .text.__vector_5
                0x0000198a       0x5a ./TIMERS_prg.o
                0x0000198a                __vector_5
 .text.__vector_4
                0x000019e4       0x5a ./TIMERS_prg.o
                0x000019e4                __vector_4
 .text.button_vidInit
                0x00001a3e       0x3e ./button.o
                0x00001a3e                button_vidInit
 .text.Button_GetStatus
                0x00001a7c       0x86 ./button.o
                0x00001a7c                Button_GetStatus
 .text.dio_vidConfigChannel
                0x00001b02      0x1c6 ./dio.o
                0x00001b02                dio_vidConfigChannel
 .text.dio_vidWriteChannel
                0x00001cc8      0x1c6 ./dio.o
                0x00001cc8                dio_vidWriteChannel
 .text.dio_vidSetPortValue
                0x00001e8e       0x82 ./dio.o
                0x00001e8e                dio_vidSetPortValue
 .text.dio_vidWriteChannelGroup
                0x00001f10       0x1e ./dio.o
                0x00001f10                dio_vidWriteChannelGroup
 .text.dio_vidFlipChannel
                0x00001f2e       0xfa ./dio.o
                0x00001f2e                dio_vidFlipChannel
 .text.dio_dioLevelReadChannel
                0x00002028       0xf4 ./dio.o
                0x00002028                dio_dioLevelReadChannel
 .text.dio_vidEnablePullUp
                0x0000211c       0x18 ./dio.o
                0x0000211c                dio_vidEnablePullUp
 .text.enablePulse
                0x00002134      0x29a ./lcd.o
 .text.lcd_vidInit
                0x000023ce      0x3ee ./lcd.o
                0x000023ce                lcd_vidInit
 .text.lcd_vidSendCmd
                0x000027bc       0xc8 ./lcd.o
                0x000027bc                lcd_vidSendCmd
 .text.lcd_vidSendData
                0x00002884       0xc8 ./lcd.o
                0x00002884                lcd_vidSendData
 .text.lcd_vidGotoRowColumn
                0x0000294c       0x4e ./lcd.o
                0x0000294c                lcd_vidGotoRowColumn
 .text.LCD_voidGotoXY
                0x0000299a       0x40 ./lcd.o
                0x0000299a                LCD_voidGotoXY
 .text.lcd_vidDisplyChar
                0x000029da       0x1a ./lcd.o
                0x000029da                lcd_vidDisplyChar
 .text.lcd_vidDisplyStr
                0x000029f4       0x38 ./lcd.o
                0x000029f4                lcd_vidDisplyStr
 .text.lcd_vidDisplyNum
                0x00002a2c       0xf6 ./lcd.o
                0x00002a2c                lcd_vidDisplyNum
 .text.lcd_vidCustomWrite
                0x00002b22       0x7a ./lcd.o
                0x00002b22                lcd_vidCustomWrite
 .text.LCD_voidWriteSpecialCharacter
                0x00002b9c       0x84 ./lcd.o
                0x00002b9c                LCD_voidWriteSpecialCharacter
 .text.led_init
                0x00002c20       0x4e ./led.o
                0x00002c20                led_init
 .text.led_on   0x00002c6e       0x86 ./led.o
                0x00002c6e                led_on
 .text.led_off  0x00002cf4       0x86 ./led.o
                0x00002cf4                led_off
 .text.led_toggle
                0x00002d7a       0x7e ./led.o
                0x00002d7a                led_toggle
 .text.main     0x00002df8      0x21e ./main_Timer.o
                0x00002df8                main
 .text.IS_voidLedOn
                0x00003016       0x2a ./main_Timer.o
                0x00003016                IS_voidLedOn
 .text.libgcc   0x00003040       0x44 e:/embedded/imt_environment/imt_sdk_win_64/winavr/bin/../lib/gcc/avr/4.3.3/avr5\libgcc.a(_udivmodsi4.o)
                0x00003040                __udivmodsi4
 .text.libgcc   0x00003084        0x0 e:/embedded/imt_environment/imt_sdk_win_64/winavr/bin/../lib/gcc/avr/4.3.3/avr5\libgcc.a(_exit.o)
 .text.libgcc   0x00003084        0x0 e:/embedded/imt_environment/imt_sdk_win_64/winavr/bin/../lib/gcc/avr/4.3.3/avr5\libgcc.a(_copy_data.o)
 .text.libgcc   0x00003084        0x0 e:/embedded/imt_environment/imt_sdk_win_64/winavr/bin/../lib/gcc/avr/4.3.3/avr5\libgcc.a(_clear_bss.o)
 .text.libgcc   0x00003084       0x38 e:/embedded/imt_environment/imt_sdk_win_64/winavr/bin/../lib/gcc/avr/4.3.3/avr5\libgcc.a(_prologue.o)
                0x00003084                __prologue_saves__
 .text.libgcc   0x000030bc       0x36 e:/embedded/imt_environment/imt_sdk_win_64/winavr/bin/../lib/gcc/avr/4.3.3/avr5\libgcc.a(_epilogue.o)
                0x000030bc                __epilogue_restores__
                0x000030f2                . = ALIGN (0x2)
 *(.fini9)
 .fini9         0x000030f2        0x0 e:/embedded/imt_environment/imt_sdk_win_64/winavr/bin/../lib/gcc/avr/4.3.3/avr5\libgcc.a(_exit.o)
                0x000030f2                exit
                0x000030f2                _exit
 *(.fini9)
 *(.fini8)
 *(.fini8)
 *(.fini7)
 *(.fini7)
 *(.fini6)
 *(.fini6)
 *(.fini5)
 *(.fini5)
 *(.fini4)
 *(.fini4)
 *(.fini3)
 *(.fini3)
 *(.fini2)
 *(.fini2)
 *(.fini1)
 *(.fini1)
 *(.fini0)
 .fini0         0x000030f2        0x4 e:/embedded/imt_environment/imt_sdk_win_64/winavr/bin/../lib/gcc/avr/4.3.3/avr5\libgcc.a(_exit.o)
 *(.fini0)
                0x000030f6                _etext = .

.data           0x00800060       0x48 load address 0x000030f6
                0x00800060                PROVIDE (__data_start, .)
 *(.data)
 .data          0x00800060        0x0 e:/embedded/imt_environment/imt_sdk_win_64/winavr/bin/../lib/gcc/avr/4.3.3/../../../../avr/lib/avr5/crtm32.o
 .data          0x00800060        0x0 ./EXTI_prog.o
 .data          0x00800060        0x0 ./TIMERS_prg.o
 .data          0x00800060        0x0 ./button.o
 .data          0x00800060        0x0 ./dio.o
 .data          0x00800060        0x0 ./lcd.o
 .data          0x00800060        0x0 ./lcd_cfg.o
 .data          0x00800060        0x0 ./led.o
 .data          0x00800060        0x0 ./main_Timer.o
 .data          0x00800060        0x0 e:/embedded/imt_environment/imt_sdk_win_64/winavr/bin/../lib/gcc/avr/4.3.3/avr5\libgcc.a(_udivmodsi4.o)
 .data          0x00800060        0x0 e:/embedded/imt_environment/imt_sdk_win_64/winavr/bin/../lib/gcc/avr/4.3.3/avr5\libgcc.a(_exit.o)
 .data          0x00800060        0x0 e:/embedded/imt_environment/imt_sdk_win_64/winavr/bin/../lib/gcc/avr/4.3.3/avr5\libgcc.a(_copy_data.o)
 .data          0x00800060        0x0 e:/embedded/imt_environment/imt_sdk_win_64/winavr/bin/../lib/gcc/avr/4.3.3/avr5\libgcc.a(_clear_bss.o)
 .data          0x00800060        0x0 e:/embedded/imt_environment/imt_sdk_win_64/winavr/bin/../lib/gcc/avr/4.3.3/avr5\libgcc.a(_fixunssfsi.o)
 .data          0x00800060        0x0 e:/embedded/imt_environment/imt_sdk_win_64/winavr/bin/../lib/gcc/avr/4.3.3/avr5\libgcc.a(_addsub_sf.o)
 .data          0x00800060        0x0 e:/embedded/imt_environment/imt_sdk_win_64/winavr/bin/../lib/gcc/avr/4.3.3/avr5\libgcc.a(_mul_sf.o)
 .data          0x00800060        0x0 e:/embedded/imt_environment/imt_sdk_win_64/winavr/bin/../lib/gcc/avr/4.3.3/avr5\libgcc.a(_div_sf.o)
 .data          0x00800060        0x0 e:/embedded/imt_environment/imt_sdk_win_64/winavr/bin/../lib/gcc/avr/4.3.3/avr5\libgcc.a(_gt_sf.o)
 .data          0x00800060        0x0 e:/embedded/imt_environment/imt_sdk_win_64/winavr/bin/../lib/gcc/avr/4.3.3/avr5\libgcc.a(_ge_sf.o)
 .data          0x00800060        0x0 e:/embedded/imt_environment/imt_sdk_win_64/winavr/bin/../lib/gcc/avr/4.3.3/avr5\libgcc.a(_lt_sf.o)
 .data          0x00800060        0x0 e:/embedded/imt_environment/imt_sdk_win_64/winavr/bin/../lib/gcc/avr/4.3.3/avr5\libgcc.a(_sf_to_si.o)
 .data          0x00800060        0x8 e:/embedded/imt_environment/imt_sdk_win_64/winavr/bin/../lib/gcc/avr/4.3.3/avr5\libgcc.a(_thenan_sf.o)
                0x00800060                __thenan_sf
 .data          0x00800068        0x0 e:/embedded/imt_environment/imt_sdk_win_64/winavr/bin/../lib/gcc/avr/4.3.3/avr5\libgcc.a(_prologue.o)
 .data          0x00800068        0x0 e:/embedded/imt_environment/imt_sdk_win_64/winavr/bin/../lib/gcc/avr/4.3.3/avr5\libgcc.a(_epilogue.o)
 .data          0x00800068        0x0 e:/embedded/imt_environment/imt_sdk_win_64/winavr/bin/../lib/gcc/avr/4.3.3/avr5\libgcc.a(_pack_sf.o)
 .data          0x00800068        0x0 e:/embedded/imt_environment/imt_sdk_win_64/winavr/bin/../lib/gcc/avr/4.3.3/avr5\libgcc.a(_unpack_sf.o)
 .data          0x00800068        0x0 e:/embedded/imt_environment/imt_sdk_win_64/winavr/bin/../lib/gcc/avr/4.3.3/avr5\libgcc.a(_fpcmp_parts_sf.o)
 *(.data*)
 .data.customChar
                0x00800068       0x40 ./lcd_cfg.o
                0x00800068                customChar
 *(.rodata)
 *(.rodata*)
 *(.gnu.linkonce.d*)
                0x008000a8                . = ALIGN (0x2)
                0x008000a8                _edata = .
                0x008000a8                PROVIDE (__data_end, .)

.bss            0x008000a8       0x15
                0x008000a8                PROVIDE (__bss_start, .)
 *(.bss)
 .bss           0x008000a8        0x0 e:/embedded/imt_environment/imt_sdk_win_64/winavr/bin/../lib/gcc/avr/4.3.3/../../../../avr/lib/avr5/crtm32.o
 .bss           0x008000a8        0x0 ./EXTI_prog.o
 .bss           0x008000a8        0x0 ./TIMERS_prg.o
 .bss           0x008000a8        0x0 ./button.o
 .bss           0x008000a8        0x0 ./dio.o
 .bss           0x008000a8        0x0 ./lcd.o
 .bss           0x008000a8        0x0 ./lcd_cfg.o
 .bss           0x008000a8        0x0 ./led.o
 .bss           0x008000a8        0x0 ./main_Timer.o
 .bss           0x008000a8        0x0 e:/embedded/imt_environment/imt_sdk_win_64/winavr/bin/../lib/gcc/avr/4.3.3/avr5\libgcc.a(_udivmodsi4.o)
 .bss           0x008000a8        0x0 e:/embedded/imt_environment/imt_sdk_win_64/winavr/bin/../lib/gcc/avr/4.3.3/avr5\libgcc.a(_exit.o)
 .bss           0x008000a8        0x0 e:/embedded/imt_environment/imt_sdk_win_64/winavr/bin/../lib/gcc/avr/4.3.3/avr5\libgcc.a(_copy_data.o)
 .bss           0x008000a8        0x0 e:/embedded/imt_environment/imt_sdk_win_64/winavr/bin/../lib/gcc/avr/4.3.3/avr5\libgcc.a(_clear_bss.o)
 .bss           0x008000a8        0x0 e:/embedded/imt_environment/imt_sdk_win_64/winavr/bin/../lib/gcc/avr/4.3.3/avr5\libgcc.a(_fixunssfsi.o)
 .bss           0x008000a8        0x0 e:/embedded/imt_environment/imt_sdk_win_64/winavr/bin/../lib/gcc/avr/4.3.3/avr5\libgcc.a(_addsub_sf.o)
 .bss           0x008000a8        0x0 e:/embedded/imt_environment/imt_sdk_win_64/winavr/bin/../lib/gcc/avr/4.3.3/avr5\libgcc.a(_mul_sf.o)
 .bss           0x008000a8        0x0 e:/embedded/imt_environment/imt_sdk_win_64/winavr/bin/../lib/gcc/avr/4.3.3/avr5\libgcc.a(_div_sf.o)
 .bss           0x008000a8        0x0 e:/embedded/imt_environment/imt_sdk_win_64/winavr/bin/../lib/gcc/avr/4.3.3/avr5\libgcc.a(_gt_sf.o)
 .bss           0x008000a8        0x0 e:/embedded/imt_environment/imt_sdk_win_64/winavr/bin/../lib/gcc/avr/4.3.3/avr5\libgcc.a(_ge_sf.o)
 .bss           0x008000a8        0x0 e:/embedded/imt_environment/imt_sdk_win_64/winavr/bin/../lib/gcc/avr/4.3.3/avr5\libgcc.a(_lt_sf.o)
 .bss           0x008000a8        0x0 e:/embedded/imt_environment/imt_sdk_win_64/winavr/bin/../lib/gcc/avr/4.3.3/avr5\libgcc.a(_sf_to_si.o)
 .bss           0x008000a8        0x0 e:/embedded/imt_environment/imt_sdk_win_64/winavr/bin/../lib/gcc/avr/4.3.3/avr5\libgcc.a(_thenan_sf.o)
 .bss           0x008000a8        0x0 e:/embedded/imt_environment/imt_sdk_win_64/winavr/bin/../lib/gcc/avr/4.3.3/avr5\libgcc.a(_prologue.o)
 .bss           0x008000a8        0x0 e:/embedded/imt_environment/imt_sdk_win_64/winavr/bin/../lib/gcc/avr/4.3.3/avr5\libgcc.a(_epilogue.o)
 .bss           0x008000a8        0x0 e:/embedded/imt_environment/imt_sdk_win_64/winavr/bin/../lib/gcc/avr/4.3.3/avr5\libgcc.a(_pack_sf.o)
 .bss           0x008000a8        0x0 e:/embedded/imt_environment/imt_sdk_win_64/winavr/bin/../lib/gcc/avr/4.3.3/avr5\libgcc.a(_unpack_sf.o)
 .bss           0x008000a8        0x0 e:/embedded/imt_environment/imt_sdk_win_64/winavr/bin/../lib/gcc/avr/4.3.3/avr5\libgcc.a(_fpcmp_parts_sf.o)
 *(.bss*)
 .bss.TIMER0_OV_CallBack
                0x008000a8        0x2 ./TIMERS_prg.o
 .bss.TIMER0_CTC_CallBack
                0x008000aa        0x2 ./TIMERS_prg.o
 .bss.TIMER1_OV_CallBack
                0x008000ac        0x2 ./TIMERS_prg.o
 .bss.TIMER1_CTC_CallBack_A
                0x008000ae        0x2 ./TIMERS_prg.o
 .bss.TIMER1_CTC_CallBack_B
                0x008000b0        0x2 ./TIMERS_prg.o
 .bss.TIMER2_OV_CallBack
                0x008000b2        0x2 ./TIMERS_prg.o
 .bss.TIMER2_CTC_CallBack
                0x008000b4        0x2 ./TIMERS_prg.o
 .bss.counter   0x008000b6        0x1 ./main_Timer.o
                0x008000b6                counter
 *(COMMON)
 COMMON         0x008000b7        0x6 ./EXTI_prog.o
                0x008000b7                pf1
                0x008000b9                pf2
                0x008000bb                pf3
                0x008000bd                PROVIDE (__bss_end, .)
                0x000030f6                __data_load_start = LOADADDR (.data)
                0x0000313e                __data_load_end = (__data_load_start + SIZEOF (.data))

.noinit         0x008000bd        0x0
                0x008000bd                PROVIDE (__noinit_start, .)
 *(.noinit*)
                0x008000bd                PROVIDE (__noinit_end, .)
                0x008000bd                _end = .
                0x008000bd                PROVIDE (__heap_start, .)

.eeprom         0x00810000        0x0
 *(.eeprom*)
                0x00810000                __eeprom_end = .

.fuse
 *(.fuse)
 *(.lfuse)
 *(.hfuse)
 *(.efuse)

.lock
 *(.lock*)

.signature
 *(.signature*)

.stab           0x00000000     0x306c
 *(.stab)
 .stab          0x00000000      0x90c ./EXTI_prog.o
 .stab          0x0000090c      0xbdc ./TIMERS_prg.o
                                0xbe8 (size before relaxing)
 .stab          0x000014e8      0x300 ./button.o
                                0x3a8 (size before relaxing)
 .stab          0x000017e8      0x4ec ./dio.o
                                0x60c (size before relaxing)
 .stab          0x00001cd4      0xc30 ./lcd.o
                                0xedc (size before relaxing)
 .stab          0x00002904       0xf0 ./lcd_cfg.o
                                0x198 (size before relaxing)
 .stab          0x000029f4      0x2ac ./led.o
                                0x3fc (size before relaxing)
 .stab          0x00002ca0      0x3cc ./main_Timer.o
                                0x6a8 (size before relaxing)

.stabstr        0x00000000     0x1a28
 *(.stabstr)
 .stabstr       0x00000000     0x1a28 ./EXTI_prog.o

.stab.excl
 *(.stab.excl)

.stab.exclstr
 *(.stab.exclstr)

.stab.index
 *(.stab.index)

.stab.indexstr
 *(.stab.indexstr)

.comment
 *(.comment)

.debug
 *(.debug)

.line
 *(.line)

.debug_srcinfo
 *(.debug_srcinfo)

.debug_sfnames
 *(.debug_sfnames)

.debug_aranges  0x00000000      0x160
 *(.debug_aranges)
 .debug_aranges
                0x00000000       0x20 e:/embedded/imt_environment/imt_sdk_win_64/winavr/bin/../lib/gcc/avr/4.3.3/avr5\libgcc.a(_fixunssfsi.o)
 .debug_aranges
                0x00000020       0x20 e:/embedded/imt_environment/imt_sdk_win_64/winavr/bin/../lib/gcc/avr/4.3.3/avr5\libgcc.a(_addsub_sf.o)
 .debug_aranges
                0x00000040       0x20 e:/embedded/imt_environment/imt_sdk_win_64/winavr/bin/../lib/gcc/avr/4.3.3/avr5\libgcc.a(_mul_sf.o)
 .debug_aranges
                0x00000060       0x20 e:/embedded/imt_environment/imt_sdk_win_64/winavr/bin/../lib/gcc/avr/4.3.3/avr5\libgcc.a(_div_sf.o)
 .debug_aranges
                0x00000080       0x20 e:/embedded/imt_environment/imt_sdk_win_64/winavr/bin/../lib/gcc/avr/4.3.3/avr5\libgcc.a(_gt_sf.o)
 .debug_aranges
                0x000000a0       0x20 e:/embedded/imt_environment/imt_sdk_win_64/winavr/bin/../lib/gcc/avr/4.3.3/avr5\libgcc.a(_ge_sf.o)
 .debug_aranges
                0x000000c0       0x20 e:/embedded/imt_environment/imt_sdk_win_64/winavr/bin/../lib/gcc/avr/4.3.3/avr5\libgcc.a(_lt_sf.o)
 .debug_aranges
                0x000000e0       0x20 e:/embedded/imt_environment/imt_sdk_win_64/winavr/bin/../lib/gcc/avr/4.3.3/avr5\libgcc.a(_sf_to_si.o)
 .debug_aranges
                0x00000100       0x20 e:/embedded/imt_environment/imt_sdk_win_64/winavr/bin/../lib/gcc/avr/4.3.3/avr5\libgcc.a(_pack_sf.o)
 .debug_aranges
                0x00000120       0x20 e:/embedded/imt_environment/imt_sdk_win_64/winavr/bin/../lib/gcc/avr/4.3.3/avr5\libgcc.a(_unpack_sf.o)
 .debug_aranges
                0x00000140       0x20 e:/embedded/imt_environment/imt_sdk_win_64/winavr/bin/../lib/gcc/avr/4.3.3/avr5\libgcc.a(_fpcmp_parts_sf.o)

.debug_pubnames
                0x00000000      0x18f
 *(.debug_pubnames)
 .debug_pubnames
                0x00000000       0x23 e:/embedded/imt_environment/imt_sdk_win_64/winavr/bin/../lib/gcc/avr/4.3.3/avr5\libgcc.a(_fixunssfsi.o)
 .debug_pubnames
                0x00000023       0x2c e:/embedded/imt_environment/imt_sdk_win_64/winavr/bin/../lib/gcc/avr/4.3.3/avr5\libgcc.a(_addsub_sf.o)
 .debug_pubnames
                0x0000004f       0x1f e:/embedded/imt_environment/imt_sdk_win_64/winavr/bin/../lib/gcc/avr/4.3.3/avr5\libgcc.a(_mul_sf.o)
 .debug_pubnames
                0x0000006e       0x1f e:/embedded/imt_environment/imt_sdk_win_64/winavr/bin/../lib/gcc/avr/4.3.3/avr5\libgcc.a(_div_sf.o)
 .debug_pubnames
                0x0000008d       0x1e e:/embedded/imt_environment/imt_sdk_win_64/winavr/bin/../lib/gcc/avr/4.3.3/avr5\libgcc.a(_gt_sf.o)
 .debug_pubnames
                0x000000ab       0x1e e:/embedded/imt_environment/imt_sdk_win_64/winavr/bin/../lib/gcc/avr/4.3.3/avr5\libgcc.a(_ge_sf.o)
 .debug_pubnames
                0x000000c9       0x1e e:/embedded/imt_environment/imt_sdk_win_64/winavr/bin/../lib/gcc/avr/4.3.3/avr5\libgcc.a(_lt_sf.o)
 .debug_pubnames
                0x000000e7       0x20 e:/embedded/imt_environment/imt_sdk_win_64/winavr/bin/../lib/gcc/avr/4.3.3/avr5\libgcc.a(_sf_to_si.o)
 .debug_pubnames
                0x00000107       0x22 e:/embedded/imt_environment/imt_sdk_win_64/winavr/bin/../lib/gcc/avr/4.3.3/avr5\libgcc.a(_thenan_sf.o)
 .debug_pubnames
                0x00000129       0x1f e:/embedded/imt_environment/imt_sdk_win_64/winavr/bin/../lib/gcc/avr/4.3.3/avr5\libgcc.a(_pack_sf.o)
 .debug_pubnames
                0x00000148       0x21 e:/embedded/imt_environment/imt_sdk_win_64/winavr/bin/../lib/gcc/avr/4.3.3/avr5\libgcc.a(_unpack_sf.o)
 .debug_pubnames
                0x00000169       0x26 e:/embedded/imt_environment/imt_sdk_win_64/winavr/bin/../lib/gcc/avr/4.3.3/avr5\libgcc.a(_fpcmp_parts_sf.o)

.debug_info     0x00000000     0x2045
 *(.debug_info)
 .debug_info    0x00000000       0xb1 e:/embedded/imt_environment/imt_sdk_win_64/winavr/bin/../lib/gcc/avr/4.3.3/avr5\libgcc.a(_fixunssfsi.o)
 .debug_info    0x000000b1      0x47a e:/embedded/imt_environment/imt_sdk_win_64/winavr/bin/../lib/gcc/avr/4.3.3/avr5\libgcc.a(_addsub_sf.o)
 .debug_info    0x0000052b      0x485 e:/embedded/imt_environment/imt_sdk_win_64/winavr/bin/../lib/gcc/avr/4.3.3/avr5\libgcc.a(_mul_sf.o)
 .debug_info    0x000009b0      0x3fc e:/embedded/imt_environment/imt_sdk_win_64/winavr/bin/../lib/gcc/avr/4.3.3/avr5\libgcc.a(_div_sf.o)
 .debug_info    0x00000dac      0x27f e:/embedded/imt_environment/imt_sdk_win_64/winavr/bin/../lib/gcc/avr/4.3.3/avr5\libgcc.a(_gt_sf.o)
 .debug_info    0x0000102b      0x27f e:/embedded/imt_environment/imt_sdk_win_64/winavr/bin/../lib/gcc/avr/4.3.3/avr5\libgcc.a(_ge_sf.o)
 .debug_info    0x000012aa      0x27f e:/embedded/imt_environment/imt_sdk_win_64/winavr/bin/../lib/gcc/avr/4.3.3/avr5\libgcc.a(_lt_sf.o)
 .debug_info    0x00001529      0x2b0 e:/embedded/imt_environment/imt_sdk_win_64/winavr/bin/../lib/gcc/avr/4.3.3/avr5\libgcc.a(_sf_to_si.o)
 .debug_info    0x000017d9      0x12c e:/embedded/imt_environment/imt_sdk_win_64/winavr/bin/../lib/gcc/avr/4.3.3/avr5\libgcc.a(_thenan_sf.o)
 .debug_info    0x00001905      0x2df e:/embedded/imt_environment/imt_sdk_win_64/winavr/bin/../lib/gcc/avr/4.3.3/avr5\libgcc.a(_pack_sf.o)
 .debug_info    0x00001be4      0x251 e:/embedded/imt_environment/imt_sdk_win_64/winavr/bin/../lib/gcc/avr/4.3.3/avr5\libgcc.a(_unpack_sf.o)
 .debug_info    0x00001e35      0x210 e:/embedded/imt_environment/imt_sdk_win_64/winavr/bin/../lib/gcc/avr/4.3.3/avr5\libgcc.a(_fpcmp_parts_sf.o)
 *(.gnu.linkonce.wi.*)

.debug_abbrev   0x00000000     0x1101
 *(.debug_abbrev)
 .debug_abbrev  0x00000000       0x5d e:/embedded/imt_environment/imt_sdk_win_64/winavr/bin/../lib/gcc/avr/4.3.3/avr5\libgcc.a(_fixunssfsi.o)
 .debug_abbrev  0x0000005d      0x1ea e:/embedded/imt_environment/imt_sdk_win_64/winavr/bin/../lib/gcc/avr/4.3.3/avr5\libgcc.a(_addsub_sf.o)
 .debug_abbrev  0x00000247      0x21b e:/embedded/imt_environment/imt_sdk_win_64/winavr/bin/../lib/gcc/avr/4.3.3/avr5\libgcc.a(_mul_sf.o)
 .debug_abbrev  0x00000462      0x216 e:/embedded/imt_environment/imt_sdk_win_64/winavr/bin/../lib/gcc/avr/4.3.3/avr5\libgcc.a(_div_sf.o)
 .debug_abbrev  0x00000678      0x15a e:/embedded/imt_environment/imt_sdk_win_64/winavr/bin/../lib/gcc/avr/4.3.3/avr5\libgcc.a(_gt_sf.o)
 .debug_abbrev  0x000007d2      0x15a e:/embedded/imt_environment/imt_sdk_win_64/winavr/bin/../lib/gcc/avr/4.3.3/avr5\libgcc.a(_ge_sf.o)
 .debug_abbrev  0x0000092c      0x15a e:/embedded/imt_environment/imt_sdk_win_64/winavr/bin/../lib/gcc/avr/4.3.3/avr5\libgcc.a(_lt_sf.o)
 .debug_abbrev  0x00000a86      0x17f e:/embedded/imt_environment/imt_sdk_win_64/winavr/bin/../lib/gcc/avr/4.3.3/avr5\libgcc.a(_sf_to_si.o)
 .debug_abbrev  0x00000c05       0xad e:/embedded/imt_environment/imt_sdk_win_64/winavr/bin/../lib/gcc/avr/4.3.3/avr5\libgcc.a(_thenan_sf.o)
 .debug_abbrev  0x00000cb2      0x1c0 e:/embedded/imt_environment/imt_sdk_win_64/winavr/bin/../lib/gcc/avr/4.3.3/avr5\libgcc.a(_pack_sf.o)
 .debug_abbrev  0x00000e72      0x154 e:/embedded/imt_environment/imt_sdk_win_64/winavr/bin/../lib/gcc/avr/4.3.3/avr5\libgcc.a(_unpack_sf.o)
 .debug_abbrev  0x00000fc6      0x13b e:/embedded/imt_environment/imt_sdk_win_64/winavr/bin/../lib/gcc/avr/4.3.3/avr5\libgcc.a(_fpcmp_parts_sf.o)

.debug_line     0x00000000      0xf82
 *(.debug_line)
 .debug_line    0x00000000       0xa7 e:/embedded/imt_environment/imt_sdk_win_64/winavr/bin/../lib/gcc/avr/4.3.3/avr5\libgcc.a(_fixunssfsi.o)
 .debug_line    0x000000a7      0x2af e:/embedded/imt_environment/imt_sdk_win_64/winavr/bin/../lib/gcc/avr/4.3.3/avr5\libgcc.a(_addsub_sf.o)
 .debug_line    0x00000356      0x239 e:/embedded/imt_environment/imt_sdk_win_64/winavr/bin/../lib/gcc/avr/4.3.3/avr5\libgcc.a(_mul_sf.o)
 .debug_line    0x0000058f      0x1d5 e:/embedded/imt_environment/imt_sdk_win_64/winavr/bin/../lib/gcc/avr/4.3.3/avr5\libgcc.a(_div_sf.o)
 .debug_line    0x00000764       0xd3 e:/embedded/imt_environment/imt_sdk_win_64/winavr/bin/../lib/gcc/avr/4.3.3/avr5\libgcc.a(_gt_sf.o)
 .debug_line    0x00000837       0xd3 e:/embedded/imt_environment/imt_sdk_win_64/winavr/bin/../lib/gcc/avr/4.3.3/avr5\libgcc.a(_ge_sf.o)
 .debug_line    0x0000090a       0xd3 e:/embedded/imt_environment/imt_sdk_win_64/winavr/bin/../lib/gcc/avr/4.3.3/avr5\libgcc.a(_lt_sf.o)
 .debug_line    0x000009dd      0x109 e:/embedded/imt_environment/imt_sdk_win_64/winavr/bin/../lib/gcc/avr/4.3.3/avr5\libgcc.a(_sf_to_si.o)
 .debug_line    0x00000ae6       0x90 e:/embedded/imt_environment/imt_sdk_win_64/winavr/bin/../lib/gcc/avr/4.3.3/avr5\libgcc.a(_thenan_sf.o)
 .debug_line    0x00000b76      0x18a e:/embedded/imt_environment/imt_sdk_win_64/winavr/bin/../lib/gcc/avr/4.3.3/avr5\libgcc.a(_pack_sf.o)
 .debug_line    0x00000d00      0x14b e:/embedded/imt_environment/imt_sdk_win_64/winavr/bin/../lib/gcc/avr/4.3.3/avr5\libgcc.a(_unpack_sf.o)
 .debug_line    0x00000e4b      0x137 e:/embedded/imt_environment/imt_sdk_win_64/winavr/bin/../lib/gcc/avr/4.3.3/avr5\libgcc.a(_fpcmp_parts_sf.o)

.debug_frame    0x00000000      0x180
 *(.debug_frame)
 .debug_frame   0x00000000       0x20 e:/embedded/imt_environment/imt_sdk_win_64/winavr/bin/../lib/gcc/avr/4.3.3/avr5\libgcc.a(_fixunssfsi.o)
 .debug_frame   0x00000020       0x40 e:/embedded/imt_environment/imt_sdk_win_64/winavr/bin/../lib/gcc/avr/4.3.3/avr5\libgcc.a(_addsub_sf.o)
 .debug_frame   0x00000060       0x20 e:/embedded/imt_environment/imt_sdk_win_64/winavr/bin/../lib/gcc/avr/4.3.3/avr5\libgcc.a(_mul_sf.o)
 .debug_frame   0x00000080       0x20 e:/embedded/imt_environment/imt_sdk_win_64/winavr/bin/../lib/gcc/avr/4.3.3/avr5\libgcc.a(_div_sf.o)
 .debug_frame   0x000000a0       0x20 e:/embedded/imt_environment/imt_sdk_win_64/winavr/bin/../lib/gcc/avr/4.3.3/avr5\libgcc.a(_gt_sf.o)
 .debug_frame   0x000000c0       0x20 e:/embedded/imt_environment/imt_sdk_win_64/winavr/bin/../lib/gcc/avr/4.3.3/avr5\libgcc.a(_ge_sf.o)
 .debug_frame   0x000000e0       0x20 e:/embedded/imt_environment/imt_sdk_win_64/winavr/bin/../lib/gcc/avr/4.3.3/avr5\libgcc.a(_lt_sf.o)
 .debug_frame   0x00000100       0x20 e:/embedded/imt_environment/imt_sdk_win_64/winavr/bin/../lib/gcc/avr/4.3.3/avr5\libgcc.a(_sf_to_si.o)
 .debug_frame   0x00000120       0x20 e:/embedded/imt_environment/imt_sdk_win_64/winavr/bin/../lib/gcc/avr/4.3.3/avr5\libgcc.a(_pack_sf.o)
 .debug_frame   0x00000140       0x20 e:/embedded/imt_environment/imt_sdk_win_64/winavr/bin/../lib/gcc/avr/4.3.3/avr5\libgcc.a(_unpack_sf.o)
 .debug_frame   0x00000160       0x20 e:/embedded/imt_environment/imt_sdk_win_64/winavr/bin/../lib/gcc/avr/4.3.3/avr5\libgcc.a(_fpcmp_parts_sf.o)

.debug_str      0x00000000      0x2c2
 *(.debug_str)
 .debug_str     0x00000000       0xbf e:/embedded/imt_environment/imt_sdk_win_64/winavr/bin/../lib/gcc/avr/4.3.3/avr5\libgcc.a(_fixunssfsi.o)
                                 0xfe (size before relaxing)
 .debug_str     0x000000bf      0x14d e:/embedded/imt_environment/imt_sdk_win_64/winavr/bin/../lib/gcc/avr/4.3.3/avr5\libgcc.a(_addsub_sf.o)
                                0x206 (size before relaxing)
 .debug_str     0x0000020c       0x27 e:/embedded/imt_environment/imt_sdk_win_64/winavr/bin/../lib/gcc/avr/4.3.3/avr5\libgcc.a(_mul_sf.o)
                                0x1bf (size before relaxing)
 .debug_str     0x00000233       0x35 e:/embedded/imt_environment/imt_sdk_win_64/winavr/bin/../lib/gcc/avr/4.3.3/avr5\libgcc.a(_div_sf.o)
                                0x1c8 (size before relaxing)
 .debug_str     0x00000268        0xf e:/embedded/imt_environment/imt_sdk_win_64/winavr/bin/../lib/gcc/avr/4.3.3/avr5\libgcc.a(_gt_sf.o)
                                0x195 (size before relaxing)
 .debug_str     0x00000277        0x8 e:/embedded/imt_environment/imt_sdk_win_64/winavr/bin/../lib/gcc/avr/4.3.3/avr5\libgcc.a(_ge_sf.o)
                                0x195 (size before relaxing)
 .debug_str     0x0000027f        0x8 e:/embedded/imt_environment/imt_sdk_win_64/winavr/bin/../lib/gcc/avr/4.3.3/avr5\libgcc.a(_lt_sf.o)
                                0x195 (size before relaxing)
 .debug_str     0x00000287        0xa e:/embedded/imt_environment/imt_sdk_win_64/winavr/bin/../lib/gcc/avr/4.3.3/avr5\libgcc.a(_sf_to_si.o)
                                0x19e (size before relaxing)
 .debug_str     0x00000000      0x103 e:/embedded/imt_environment/imt_sdk_win_64/winavr/bin/../lib/gcc/avr/4.3.3/avr5\libgcc.a(_thenan_sf.o)
 .debug_str     0x00000291       0x16 e:/embedded/imt_environment/imt_sdk_win_64/winavr/bin/../lib/gcc/avr/4.3.3/avr5\libgcc.a(_pack_sf.o)
                                0x19d (size before relaxing)
 .debug_str     0x000002a7        0xb e:/embedded/imt_environment/imt_sdk_win_64/winavr/bin/../lib/gcc/avr/4.3.3/avr5\libgcc.a(_unpack_sf.o)
                                0x17f (size before relaxing)
 .debug_str     0x000002b2       0x10 e:/embedded/imt_environment/imt_sdk_win_64/winavr/bin/../lib/gcc/avr/4.3.3/avr5\libgcc.a(_fpcmp_parts_sf.o)
                                0x163 (size before relaxing)

.debug_loc      0x00000000      0x88e
 *(.debug_loc)
 .debug_loc     0x00000000       0x34 e:/embedded/imt_environment/imt_sdk_win_64/winavr/bin/../lib/gcc/avr/4.3.3/avr5\libgcc.a(_fixunssfsi.o)
 .debug_loc     0x00000034      0x32a e:/embedded/imt_environment/imt_sdk_win_64/winavr/bin/../lib/gcc/avr/4.3.3/avr5\libgcc.a(_addsub_sf.o)
 .debug_loc     0x0000035e      0x104 e:/embedded/imt_environment/imt_sdk_win_64/winavr/bin/../lib/gcc/avr/4.3.3/avr5\libgcc.a(_mul_sf.o)
 .debug_loc     0x00000462       0xc0 e:/embedded/imt_environment/imt_sdk_win_64/winavr/bin/../lib/gcc/avr/4.3.3/avr5\libgcc.a(_div_sf.o)
 .debug_loc     0x00000522       0x3c e:/embedded/imt_environment/imt_sdk_win_64/winavr/bin/../lib/gcc/avr/4.3.3/avr5\libgcc.a(_gt_sf.o)
 .debug_loc     0x0000055e       0x3c e:/embedded/imt_environment/imt_sdk_win_64/winavr/bin/../lib/gcc/avr/4.3.3/avr5\libgcc.a(_ge_sf.o)
 .debug_loc     0x0000059a       0x3c e:/embedded/imt_environment/imt_sdk_win_64/winavr/bin/../lib/gcc/avr/4.3.3/avr5\libgcc.a(_lt_sf.o)
 .debug_loc     0x000005d6       0x7e e:/embedded/imt_environment/imt_sdk_win_64/winavr/bin/../lib/gcc/avr/4.3.3/avr5\libgcc.a(_sf_to_si.o)
 .debug_loc     0x00000654      0x13e e:/embedded/imt_environment/imt_sdk_win_64/winavr/bin/../lib/gcc/avr/4.3.3/avr5\libgcc.a(_pack_sf.o)
 .debug_loc     0x00000792       0xac e:/embedded/imt_environment/imt_sdk_win_64/winavr/bin/../lib/gcc/avr/4.3.3/avr5\libgcc.a(_unpack_sf.o)
 .debug_loc     0x0000083e       0x50 e:/embedded/imt_environment/imt_sdk_win_64/winavr/bin/../lib/gcc/avr/4.3.3/avr5\libgcc.a(_fpcmp_parts_sf.o)

.debug_macinfo
 *(.debug_macinfo)
OUTPUT(Timers.elf elf32-avr)
LOAD linker stubs

.debug_ranges   0x00000000       0x50
 .debug_ranges  0x00000000       0x50 e:/embedded/imt_environment/imt_sdk_win_64/winavr/bin/../lib/gcc/avr/4.3.3/avr5\libgcc.a(_mul_sf.o)
